D:\fpga_project\cpu\26_axi\implementation\system.ngc 1534865706
D:/fpga_project/cpu/26_axi/implementation/system_proc_sys_reset_0_wrapper.ngc 1534865552
D:/fpga_project/cpu/26_axi/implementation/system_clock_generator_0_wrapper.ngc 1534865685
D:/fpga_project/cpu/26_axi/implementation/system_microblaze_0_ilmb_wrapper.ngc 1534865674
D:/fpga_project/cpu/26_axi/implementation/system_microblaze_0_dlmb_wrapper.ngc 1534865677
D:/fpga_project/cpu/26_axi/implementation/system_axi4lite_0_wrapper.ngc 1534865688
D:/fpga_project/cpu/26_axi/implementation/system_microblaze_0_wrapper.ngc 1534865681
D:/fpga_project/cpu/26_axi/implementation/system_microblaze_0_i_bram_ctrl_wrapper.ngc 1534865567
D:/fpga_project/cpu/26_axi/implementation/system_microblaze_0_d_bram_ctrl_wrapper.ngc 1534865593
D:/fpga_project/cpu/26_axi/implementation/system_debug_module_wrapper.ngc 1534865640
D:/fpga_project/cpu/26_axi/implementation/system_led_0_wrapper.ngc 1534865670
D:/fpga_project/cpu/26_axi/implementation/system_microblaze_0_bram_block_wrapper.ngc 1534865602
OK
